
> pawperfect-clinic@1.0.0 build
> react-scripts build

node.exe : 
(node:8576) [DEP0176] 
DeprecationWarning: 
fs.F_OK is 
deprecated, use 
fs.constants.F_OK 
instead
At line:1 char:1
+ & "C:\Program Files\
nodejs/node.exe" "C:\U
sers\vishal\AppData\Ro
aming ...
+ ~~~~~~~~~~~~~~~~~~~~
~~~~~~~~~~~~~~~~~~~~~~
~~~~~~~~~~~~~~~~~~~~~~
~~~~~
    + CategoryInfo    
          : NotSpeci  
  fied: ((node:8576   
 ) [DE...ts.F_OK i    
nstead:String) []    
, RemoteException
    + FullyQualifiedE 
   rrorId : NativeCo  
  mmandError
 
(Use `node 
--trace-deprecation 
...` to show where 
the warning was 
created)
Creating an optimized production build...
Failed to compile.

SyntaxError: Unexpected token, expected ";" (148:10)


